<?xml version="1.0" encoding="utf-8"?><testsuites name="pytest tests"><testsuite name="pytest" errors="0" failures="0" skipped="0" tests="0" time="0.015" timestamp="2025-09-21T16:20:38.046043+09:00" hostname="Mac.ts.net lan" /></testsuites>